// Jest Snapshot v1, https://goo.gl/fbAQLP

exports[`renders homepage unchanged 1`] = `
<div>
  <div
    class="container"
  >
    <div>
      <h1>
        Test Component
      </h1>
      <p>
        Testing 123
      </p>
    </div>
  </div>
</div>
`;
